
Time Slot 5 Results:
  Selected Devices: [4, 7, 14, 21, 42]
  Total Offload Data: 0.0000
  Sample Device Computation F: [np.float64(141.03670324552047), np.float64(63.772731042299824), np.float64(117.5155093524978), np.float64(239.2277597291782), np.float64(286.47527172245026)]
  Sample Final Data Amounts: [np.float64(0.0), np.float64(0.0), np.float64(0.0), np.float64(0.0), np.float64(86.00607915576687)]

Time Slot 10 Results:
  Selected Devices: [4, 7, 14, 21, 42]
  Total Offload Data: 0.0000
  Sample Device Computation F: [np.float64(317.7227252863815), np.float64(53.77953627600096), np.float64(111.40876630804716), np.float64(518.0249945374809), np.float64(304.96632781537664)]
  Sample Final Data Amounts: [np.float64(0.0), np.float64(0.0), np.float64(0.0), np.float64(0.0), np.float64(54.34468417222739)]

Time Slot 15 Results:
  Selected Devices: [16, 18, 20, 21, 30]
  Total Offload Data: 0.0000
  Sample Device Computation F: [np.float64(352.5186126375028), np.float64(76.87341064174946), np.float64(55.396723141595984), np.float64(202.81499196943602), np.float64(174.54433516094448)]
  Sample Final Data Amounts: [np.float64(0.0), np.float64(0.0), np.float64(0.0), np.float64(0.0), np.float64(0.0)]

Time Slot 20 Results:
  Selected Devices: [16, 18, 20, 21, 30]
  Total Offload Data: 0.0000
  Sample Device Computation F: [np.float64(138.2737802565381), np.float64(52.90757554203902), np.float64(119.48955607281451), np.float64(417.8853167919447), np.float64(297.6299234222626)]
  Sample Final Data Amounts: [np.float64(0.0), np.float64(0.0), np.float64(0.0), np.float64(0.0), np.float64(0.0)]

Time Slot 25 Results:
  Selected Devices: [4, 12, 18, 29, 35]
  Total Offload Data: 0.0000
  Sample Device Computation F: [np.float64(261.9127740743951), np.float64(62.490711111777415), np.float64(81.56988774631265), np.float64(228.53960630455342), np.float64(240.7683447745479)]
  Sample Final Data Amounts: [np.float64(0.0), np.float64(0.0), np.float64(0.0), np.float64(0.0), np.float64(65.22593245184886)]

Time Slot 30 Results:
  Selected Devices: [4, 12, 18, 29, 35]
  Total Offload Data: 0.0000
  Sample Device Computation F: [np.float64(376.13222561489073), np.float64(65.24468077636735), np.float64(74.63986121741891), np.float64(345.3347283332709), np.float64(152.08116265698905)]
  Sample Final Data Amounts: [np.float64(0.0), np.float64(0.0), np.float64(0.0), np.float64(0.0), np.float64(69.9510746099705)]

Time Slot 35 Results:
  Selected Devices: [4, 7, 12, 30, 32]
  Total Offload Data: 0.0000
  Sample Device Computation F: [np.float64(305.0015384464183), np.float64(68.31056807455725), np.float64(50.30650299948351), np.float64(229.04379289950415), np.float64(187.46078474381346)]
  Sample Final Data Amounts: [np.float64(0.0), np.float64(0.0), np.float64(0.0), np.float64(0.0), np.float64(95.34858706110934)]

Time Slot 40 Results:
  Selected Devices: [4, 7, 12, 30, 32]
  Total Offload Data: 0.0000
  Sample Device Computation F: [np.float64(228.17534487091615), np.float64(41.54665856773178), np.float64(102.02253033090919), np.float64(371.41881689048057), np.float64(129.50009609367385)]
  Sample Final Data Amounts: [np.float64(0.0), np.float64(0.0), np.float64(0.0), np.float64(0.0), np.float64(48.57004413397626)]

Time Slot 45 Results:
  Selected Devices: [12, 18, 26, 41, 42]
  Total Offload Data: 64.4113
  Sample Device Computation F: [np.float64(263.83515285719415), np.float64(40.89270487018352), np.float64(119.54663252970605), np.float64(522.1826555190614), np.float64(268.45132302032926)]
  Sample Final Data Amounts: [np.float64(0.0), np.float64(0.0), np.float64(0.0), np.float64(0.0), np.float64(0.0)]

Time Slot 50 Results:
  Selected Devices: [12, 18, 26, 41, 42]
  Total Offload Data: 58.5906
  Sample Device Computation F: [np.float64(318.17926571554904), np.float64(44.98852271507406), np.float64(77.90898395346146), np.float64(238.10375712450232), np.float64(303.32485939306804)]
  Sample Final Data Amounts: [np.float64(0.0), np.float64(0.0), np.float64(0.0), np.float64(0.0), np.float64(0.0)]

Time Slot 55 Results:
  Selected Devices: [7, 14, 18, 40, 46]
  Total Offload Data: 0.0000
  Sample Device Computation F: [np.float64(162.47426333369668), np.float64(73.09243820110254), np.float64(54.451658637575306), np.float64(383.89943715969673), np.float64(273.13041595463153)]
  Sample Final Data Amounts: [np.float64(0.0), np.float64(0.0), np.float64(0.0), np.float64(0.0), np.float64(0.0)]

Time Slot 60 Results:
  Selected Devices: [7, 14, 18, 40, 46]
  Total Offload Data: 0.0000
  Sample Device Computation F: [np.float64(385.97256254424605), np.float64(26.16912904843524), np.float64(100.63531240781609), np.float64(216.7067697157612), np.float64(187.4428429906599)]
  Sample Final Data Amounts: [np.float64(0.0), np.float64(0.0), np.float64(0.0), np.float64(0.0), np.float64(0.0)]

Time Slot 65 Results:
  Selected Devices: [0, 14, 20, 26, 43]
  Total Offload Data: 0.0000
  Sample Device Computation F: [np.float64(245.88775517760294), np.float64(51.767306852547776), np.float64(89.92353888957801), np.float64(536.1092822560627), np.float64(206.43157740133816)]
  Sample Final Data Amounts: [np.float64(28.398159290434194), np.float64(0.0), np.float64(0.0), np.float64(0.0), np.float64(0.0)]

Time Slot 70 Results:
  Selected Devices: [0, 14, 20, 26, 43]
  Total Offload Data: 0.0000
  Sample Device Computation F: [np.float64(366.4168576296081), np.float64(54.496882144593094), np.float64(54.61959792016646), np.float64(316.2402481972706), np.float64(130.4680392131443)]
  Sample Final Data Amounts: [np.float64(28.341351841339886), np.float64(0.0), np.float64(0.0), np.float64(0.0), np.float64(0.0)]

Time Slot 75 Results:
  Selected Devices: [4, 20, 21, 35, 42]
  Total Offload Data: 48.9790
  Sample Device Computation F: [np.float64(207.39424505319525), np.float64(72.34301178979568), np.float64(88.45624228679354), np.float64(451.97202853107507), np.float64(297.9754088112651)]
  Sample Final Data Amounts: [np.float64(0.0), np.float64(0.0), np.float64(0.0), np.float64(0.0), np.float64(104.43985660616792)]

Time Slot 80 Results:
  Selected Devices: [4, 20, 21, 35, 42]
  Total Offload Data: 30.8973
  Sample Device Computation F: [np.float64(230.00891861367603), np.float64(67.91997211277126), np.float64(112.59940188441479), np.float64(231.3383869415768), np.float64(269.4913761686844)]
  Sample Final Data Amounts: [np.float64(0.0), np.float64(0.0), np.float64(0.0), np.float64(0.0), np.float64(75.79625564255088)]

Time Slot 85 Results:
  Selected Devices: [12, 18, 26, 29, 40]
  Total Offload Data: 0.0000
  Sample Device Computation F: [np.float64(265.2444514137754), np.float64(26.00153389807127), np.float64(52.5852508616457), np.float64(451.2072684877827), np.float64(229.556798483518)]
  Sample Final Data Amounts: [np.float64(0.0), np.float64(0.0), np.float64(0.0), np.float64(0.0), np.float64(0.0)]

Time Slot 90 Results:
  Selected Devices: [12, 18, 26, 29, 40]
  Total Offload Data: 0.0000
  Sample Device Computation F: [np.float64(226.52330173117645), np.float64(61.594054305651284), np.float64(109.35587902043093), np.float64(263.853682411595), np.float64(277.8542326399578)]
  Sample Final Data Amounts: [np.float64(0.0), np.float64(0.0), np.float64(0.0), np.float64(0.0), np.float64(0.0)]

Time Slot 95 Results:
  Selected Devices: [4, 18, 33, 35, 46]
  Total Offload Data: 0.0000
  Sample Device Computation F: [np.float64(223.88970956860337), np.float64(70.19956473527013), np.float64(74.4847924880508), np.float64(456.4271686011118), np.float64(191.04308703257482)]
  Sample Final Data Amounts: [np.float64(0.0), np.float64(0.0), np.float64(0.0), np.float64(0.0), np.float64(109.0905902700449)]

Time Slot 100 Results:
  Selected Devices: [4, 18, 33, 35, 46]
  Total Offload Data: 0.0000
  Sample Device Computation F: [np.float64(172.00157705326578), np.float64(71.25855416731567), np.float64(64.36577012780302), np.float64(317.78064180370615), np.float64(140.87722528058788)]
  Sample Final Data Amounts: [np.float64(0.0), np.float64(0.0), np.float64(0.0), np.float64(0.0), np.float64(52.59741444845557)]

=== 仿真结果 (N=50) ===
平均吞吐量:
  提出的方法 (T=10): 441.3890
  本地执行: 255.6152WARNING:root:[WARNING] 可供补充的样本不足，仅剩 1385，将启用重复采样

  静态编排: 194.5015
  提出的方法 (T1=20): 386.8944
step1 获取到100个时隙的工作节点以及实际训练量
目标准确率：55.0，目标epoch：100
non-iid
[WARNING] 请求样本数超过数据集，按比例缩放: 0.4086
[INFO] Non-IID 总分配样本数: 49972
  w_locals: 2456.80 MB
  gradient: 2456.80 MB
Round 1, Test Accuracy: 10.0, Loss: 2.3004503841400146, Global training time: 0.012937440255807498

[INFO] Non-IID 总分配样本数: 34101
  w_locals: 2456.80 MB
  gradient: 2456.80 MB
Round 2, Test Accuracy: 10.0, Loss: 2.2967986766815187, Global training time: 0.03987722019382736

[INFO] Non-IID 总分配样本数: 23938
  w_locals: 2456.80 MB
  gradient: 2456.80 MB
Round 3, Test Accuracy: 10.0600004196167, Loss: 2.2943170974731446, Global training time: 0.06274477872360823

[INFO] Non-IID 总分配样本数: 29565
  w_locals: 2456.80 MB
  gradient: 2456.80 MB
Round 4, Test Accuracy: 10.0, Loss: 2.2911148513793944, Global training time: 0.04035573299353635

[INFO] Non-IID 总分配样本数: 30412
  w_locals: 2456.80 MB
  gradient: 2456.80 MB
Round 5, Test Accuracy: 11.729999542236328, Loss: 2.2870355136871336, Global training time: 0.06582537308413226

[INFO] Non-IID 总分配样本数: 28212
  w_locals: 2456.80 MB
  gradient: 2456.80 MB
Round 6, Test Accuracy: 10.529999732971191, Loss: 2.282429811477661, Global training time: 0.07035887411355464

[INFO] Non-IID 总分配样本数: 32789
  w_locals: 2456.80 MB
  gradient: 2456.80 MB
Round 7, Test Accuracy: 10.199999809265137, Loss: 2.273697585296631, Global training time: 0.06684788148283255

[INFO] Non-IID 总分配样本数: 31063
  w_locals: 2456.80 MB
  gradient: 2456.80 MB
Round 8, Test Accuracy: 16.239999771118164, Loss: 2.261483296966553, Global training time: 0.06267551893382971

[INFO] Non-IID 总分配样本数: 28418
  w_locals: 2456.80 MB
  gradient: 2456.80 MB
Round 9, Test Accuracy: 17.530000686645508, Loss: 2.245349033355713, Global training time: 0.03751571050539782

[INFO] Non-IID 总分配样本数: 23824
WARNING:root:[WARNING] 可供补充的样本不足，仅剩 230，将启用重复采样
  w_locals: 2456.80 MB
  gradient: 2456.80 MB
Round 10, Test Accuracy: 18.760000228881836, Loss: 2.223935931777954, Global training time: 0.04852159593857139

[WARNING] 请求样本数超过数据集，按比例缩放: 0.3683
[INFO] Non-IID 总分配样本数: 50004
  w_locals: 2456.80 MB
  gradient: 2456.80 MB
Round 11, Test Accuracy: 20.860000610351562, Loss: 2.212354874420166, Global training time: 0.009099982362532486

[INFO] Non-IID 总分配样本数: 34618
  w_locals: 2456.80 MB
  gradient: 2456.80 MB
Round 12, Test Accuracy: 26.450000762939453, Loss: 2.1420462741851805, Global training time: 0.07816828324361394

[INFO] Non-IID 总分配样本数: 26417
  w_locals: 2456.80 MB
  gradient: 2456.80 MB
Round 13, Test Accuracy: 25.739999771118164, Loss: 2.070392317390442, Global training time: 0.06378831647511912

[INFO] Non-IID 总分配样本数: 31907
  w_locals: 2456.80 MB
  gradient: 2456.80 MB
Round 14, Test Accuracy: 25.280000686645508, Loss: 2.0023394147872926, Global training time: 0.08781572811065978

[INFO] Non-IID 总分配样本数: 28040
  w_locals: 2456.80 MB
  gradient: 2456.80 MB
Round 15, Test Accuracy: 26.329999923706055, Loss: 1.9673617738723754, Global training time: 0.056129465303083964

[INFO] Non-IID 总分配样本数: 32652
  w_locals: 2456.80 MB
  gradient: 2456.80 MB
Round 16, Test Accuracy: 28.34000015258789, Loss: 1.9273537097930908, Global training time: 0.10359960984029014

[INFO] Non-IID 总分配样本数: 28178
  w_locals: 2456.80 MB
  gradient: 2456.80 MB
Round 17, Test Accuracy: 29.559999465942383, Loss: 1.8792495182037354, Global training time: 0.06891030960996433

[INFO] Non-IID 总分配样本数: 29424
  w_locals: 2456.80 MB
  gradient: 2456.80 MB
Round 18, Test Accuracy: 31.579999923706055, Loss: 1.8342185024261475, Global training time: 0.03691289668347269

[INFO] Non-IID 总分配样本数: 37097
  w_locals: 2456.80 MB
  gradient: 2456.80 MB
Round 19, Test Accuracy: 33.290000915527344, Loss: 1.785581697845459, Global training time: 0.10469634231668125

[INFO] Non-IID 总分配样本数: 24566
WARNING:root:[WARNING] 可供补充的样本不足，仅剩 764，将启用重复采样
  w_locals: 2456.80 MB
  gradient: 2456.80 MB
Round 20, Test Accuracy: 32.880001068115234, Loss: 1.8058777679443359, Global training time: 0.05249836925795479

[WARNING] 请求样本数超过数据集，按比例缩放: 0.4095
[INFO] Non-IID 总分配样本数: 49995
  w_locals: 2456.80 MB
  gradient: 2456.80 MB
Round 21, Test Accuracy: 32.86000061035156, Loss: 1.7572483318328858, Global training time: 0.01670694288761258

[INFO] Non-IID 总分配样本数: 23315
  w_locals: 2456.80 MB
  gradient: 2456.80 MB
Round 22, Test Accuracy: 36.22999954223633, Loss: 1.7085984956741334, Global training time: 0.03657581813504085

[INFO] Non-IID 总分配样本数: 25327
  w_locals: 2456.80 MB
  gradient: 2456.80 MB
Round 23, Test Accuracy: 37.11000061035156, Loss: 1.6845378206253052, Global training time: 0.04350166364616917

[INFO] Non-IID 总分配样本数: 27385
  w_locals: 2456.80 MB
  gradient: 2456.80 MB
Round 24, Test Accuracy: 36.34000015258789, Loss: 1.7068011344909668, Global training time: 0.04730598017078472

[INFO] Non-IID 总分配样本数: 24892
  w_locals: 2456.80 MB
  gradient: 2456.80 MB
Round 25, Test Accuracy: 36.97999954223633, Loss: 1.699851927947998, Global training time: 0.0467515549342203

[INFO] Non-IID 总分配样本数: 28949
  w_locals: 2456.80 MB
  gradient: 2456.80 MB
Round 26, Test Accuracy: 38.59000015258789, Loss: 1.636397470855713, Global training time: 0.03760026413808303

[INFO] Non-IID 总分配样本数: 32925
  w_locals: 2456.80 MB
  gradient: 2456.80 MB
Round 27, Test Accuracy: 39.630001068115234, Loss: 1.604823998451233, Global training time: 0.06937774180658647

[INFO] Non-IID 总分配样本数: 28559
  w_locals: 2456.80 MB
  gradient: 2456.80 MB
Round 28, Test Accuracy: 40.02000045776367, Loss: 1.5985149639129639, Global training time: 0.06007327590461939

[INFO] Non-IID 总分配样本数: 29651
  w_locals: 2456.80 MB
  gradient: 2456.80 MB
Round 29, Test Accuracy: 41.61000061035156, Loss: 1.5656333274841308, Global training time: 0.07285461175200653

[INFO] Non-IID 总分配样本数: 30277
WARNING:root:[WARNING] 可供补充的样本不足，仅剩 260，将启用重复采样
  w_locals: 2456.80 MB
  gradient: 2456.80 MB
Round 30, Test Accuracy: 41.709999084472656, Loss: 1.5664170009613037, Global training time: 0.05696534019554098

[WARNING] 请求样本数超过数据集，按比例缩放: 0.3849
[INFO] Non-IID 总分配样本数: 49998
  w_locals: 2456.80 MB
  gradient: 2456.80 MB
Round 31, Test Accuracy: 42.689998626708984, Loss: 1.5477391399383544, Global training time: 0.010386731539892984

[INFO] Non-IID 总分配样本数: 26081
  w_locals: 2456.80 MB
  gradient: 2456.80 MB
Round 32, Test Accuracy: 42.630001068115234, Loss: 1.5459645387649537, Global training time: 0.04514806180390336

[INFO] Non-IID 总分配样本数: 23421
  w_locals: 2456.80 MB
  gradient: 2456.80 MB
Round 33, Test Accuracy: 42.560001373291016, Loss: 1.540901224899292, Global training time: 0.050610351014098144

[INFO] Non-IID 总分配样本数: 31275
  w_locals: 2456.80 MB
  gradient: 2456.80 MB
Round 34, Test Accuracy: 44.22999954223633, Loss: 1.4951027509689332, Global training time: 0.058646588934321044

[INFO] Non-IID 总分配样本数: 30428
  w_locals: 2456.80 MB
  gradient: 2456.80 MB
Round 35, Test Accuracy: 44.790000915527344, Loss: 1.49038349609375, Global training time: 0.07512253946919689

[INFO] Non-IID 总分配样本数: 24515
  w_locals: 2456.80 MB
  gradient: 2456.80 MB
Round 36, Test Accuracy: 45.630001068115234, Loss: 1.4723349128723144, Global training time: 0.04495114196606386

[INFO] Non-IID 总分配样本数: 20871
  w_locals: 2456.80 MB
  gradient: 2456.80 MB
Round 37, Test Accuracy: 43.31999969482422, Loss: 1.5206665302276612, Global training time: 0.030956617545661504

[INFO] Non-IID 总分配样本数: 31749
  w_locals: 2456.80 MB
  gradient: 2456.80 MB
Round 38, Test Accuracy: 47.029998779296875, Loss: 1.4275734285354613, Global training time: 0.04813317323331802

[INFO] Non-IID 总分配样本数: 26251
  w_locals: 2456.80 MB
  gradient: 2456.80 MB
Round 39, Test Accuracy: 47.720001220703125, Loss: 1.4115188566207886, Global training time: 0.06118940040411148

[INFO] Non-IID 总分配样本数: 25462
WARNING:root:[WARNING] 可供补充的样本不足，仅剩 596，将启用重复采样
  w_locals: 2456.80 MB
  gradient: 2456.80 MB
Round 40, Test Accuracy: 47.439998626708984, Loss: 1.4192357221603393, Global training time: 0.03030452500922283

[WARNING] 请求样本数超过数据集，按比例缩放: 0.3874
[INFO] Non-IID 总分配样本数: 49989
  w_locals: 2456.80 MB
  gradient: 2456.80 MB
Round 41, Test Accuracy: 47.349998474121094, Loss: 1.4119225608825683, Global training time: 0.016388498280971824

[INFO] Non-IID 总分配样本数: 28666
  w_locals: 2456.80 MB
  gradient: 2456.80 MB
Round 42, Test Accuracy: 48.83000183105469, Loss: 1.3918229133605957, Global training time: 0.031269058846610014

[INFO] Non-IID 总分配样本数: 17557
  w_locals: 2456.80 MB
  gradient: 2456.80 MB
Round 43, Test Accuracy: 48.29999923706055, Loss: 1.3989993055343628, Global training time: 0.013514805227987719

[INFO] Non-IID 总分配样本数: 32535
  w_locals: 2456.80 MB
  gradient: 2456.80 MB
Round 44, Test Accuracy: 48.900001525878906, Loss: 1.4023957845687867, Global training time: 0.03700698321943117

[INFO] Non-IID 总分配样本数: 25040
  w_locals: 2456.80 MB
  gradient: 2456.80 MB
Round 45, Test Accuracy: 50.04999923706055, Loss: 1.3595795625686646, Global training time: 0.03972413481911298

[INFO] Non-IID 总分配样本数: 29231
  w_locals: 2456.80 MB
  gradient: 2456.80 MB
Round 46, Test Accuracy: 51.150001525878906, Loss: 1.3342766967773438, Global training time: 0.08151701629775734

[INFO] Non-IID 总分配样本数: 36491
  w_locals: 2456.80 MB
  gradient: 2456.80 MB
Round 47, Test Accuracy: 50.5099983215332, Loss: 1.341910546875, Global training time: 0.03967604945598274

[INFO] Non-IID 总分配样本数: 23421
  w_locals: 2456.80 MB
  gradient: 2456.80 MB
Round 48, Test Accuracy: 51.970001220703125, Loss: 1.3157047080993651, Global training time: 0.01794502119596554

[INFO] Non-IID 总分配样本数: 30145
  w_locals: 2456.80 MB
  gradient: 2456.80 MB
Round 49, Test Accuracy: 52.0099983215332, Loss: 1.3103206260681153, Global training time: 0.06417200096600718

[INFO] Non-IID 总分配样本数: 28289
WARNING:root:[WARNING] 可供补充的样本不足，仅剩 591，将启用重复采样
  w_locals: 2456.80 MB
  gradient: 2456.80 MB
Round 50, Test Accuracy: 52.459999084472656, Loss: 1.2998313888549804, Global training time: 0.029947345949972167

[WARNING] 请求样本数超过数据集，按比例缩放: 0.4228
[INFO] Non-IID 总分配样本数: 49993
  w_locals: 2456.80 MB
  gradient: 2456.80 MB
Round 51, Test Accuracy: 52.13999938964844, Loss: 1.2976251356124877, Global training time: 0.02187964978293067

[INFO] Non-IID 总分配样本数: 30758
  w_locals: 2456.80 MB
  gradient: 2456.80 MB
Round 52, Test Accuracy: 53.5, Loss: 1.2716556016921996, Global training time: 0.04817125020322117

[INFO] Non-IID 总分配样本数: 37123
  w_locals: 2456.80 MB
  gradient: 2456.80 MB
Round 53, Test Accuracy: 53.38999938964844, Loss: 1.2811810104370118, Global training time: 0.08313914550050071

[INFO] Non-IID 总分配样本数: 28360
  w_locals: 2456.80 MB
  gradient: 2456.80 MB
Round 54, Test Accuracy: 54.540000915527344, Loss: 1.2458762435913087, Global training time: 0.038158488626447835

[INFO] Non-IID 总分配样本数: 25169
  w_locals: 2456.80 MB
  gradient: 2456.80 MB
Round 55, Test Accuracy: 54.439998626708984, Loss: 1.249336164855957, Global training time: 0.0547065016592151

[INFO] Non-IID 总分配样本数: 32602
  w_locals: 2456.80 MB
  gradient: 2456.80 MB
Round 56, Test Accuracy: 55.380001068115234, Loss: 1.2261708505630493, Global training time: 0.07259185712542815

[INFO] Non-IID 总分配样本数: 33183
  w_locals: 2456.80 MB
  gradient: 2456.80 MB
Round 57, Test Accuracy: 55.220001220703125, Loss: 1.2248559381484985, Global training time: 0.06415081943628738

[INFO] Non-IID 总分配样本数: 34240
  w_locals: 2456.80 MB
  gradient: 2456.80 MB
Round 58, Test Accuracy: 55.0099983215332, Loss: 1.2340205167770386, Global training time: 0.05286934419105352

[INFO] Non-IID 总分配样本数: 37908
  w_locals: 2456.80 MB
  gradient: 2456.80 MB
Round 59, Test Accuracy: 55.75, Loss: 1.2106851875305176, Global training time: 0.08812708436769454

[INFO] Non-IID 总分配样本数: 25003
WARNING:root:[WARNING] 可供补充的样本不足，仅剩 334，将启用重复采样
  w_locals: 2456.80 MB
  gradient: 2456.80 MB
Round 60, Test Accuracy: 56.400001525878906, Loss: 1.1948977508544922, Global training time: 0.03966868418783664

[WARNING] 请求样本数超过数据集，按比例缩放: 0.4288
[INFO] Non-IID 总分配样本数: 49998
  w_locals: 2456.80 MB
  gradient: 2456.80 MB
Round 61, Test Accuracy: 54.790000915527344, Loss: 1.2149869680404664, Global training time: 0.014348010250389958

[INFO] Non-IID 总分配样本数: 16204
  w_locals: 2456.80 MB
  gradient: 2456.80 MB
Round 62, Test Accuracy: 56.9900016784668, Loss: 1.1966326477050782, Global training time: 0.02174883872636864

[INFO] Non-IID 总分配样本数: 20444
  w_locals: 2456.80 MB
  gradient: 2456.80 MB
Round 63, Test Accuracy: 56.529998779296875, Loss: 1.199747218990326, Global training time: 0.029719873037688905

[INFO] Non-IID 总分配样本数: 27062
  w_locals: 2456.80 MB
  gradient: 2456.80 MB
Round 64, Test Accuracy: 57.790000915527344, Loss: 1.1628931871414185, Global training time: 0.045265159357687

[INFO] Non-IID 总分配样本数: 21292
  w_locals: 2456.80 MB
  gradient: 2456.80 MB
Round 65, Test Accuracy: 57.11000061035156, Loss: 1.1825343952178955, Global training time: 0.032983493473852085

[INFO] Non-IID 总分配样本数: 15777
  w_locals: 2456.80 MB
  gradient: 2456.80 MB
Round 66, Test Accuracy: 58.09000015258789, Loss: 1.152976688194275, Global training time: 0.015065786151425025

[INFO] Non-IID 总分配样本数: 25503
  w_locals: 2456.80 MB
  gradient: 2456.80 MB
Round 67, Test Accuracy: 58.650001525878906, Loss: 1.1391412989616394, Global training time: 0.03909634317916397

[INFO] Non-IID 总分配样本数: 26395
  w_locals: 2456.80 MB
  gradient: 2456.80 MB
Round 68, Test Accuracy: 58.720001220703125, Loss: 1.1395622232437135, Global training time: 0.028535591612023462

[INFO] Non-IID 总分配样本数: 24220
  w_locals: 2456.80 MB
  gradient: 2456.80 MB
Round 69, Test Accuracy: 58.939998626708984, Loss: 1.133615538406372, Global training time: 0.04230797791650801

[INFO] Non-IID 总分配样本数: 24989
WARNING:root:[WARNING] 可供补充的样本不足，仅剩 2253，将启用重复采样
  w_locals: 2456.80 MB
  gradient: 2456.80 MB
Round 70, Test Accuracy: 58.130001068115234, Loss: 1.1587942260742188, Global training time: 0.05831257159958362

[WARNING] 请求样本数超过数据集，按比例缩放: 0.4261
[INFO] Non-IID 总分配样本数: 49901
  w_locals: 2456.80 MB
  gradient: 2456.80 MB
Round 71, Test Accuracy: 59.40999984741211, Loss: 1.1236606283187867, Global training time: 0.01672283111547756

[INFO] Non-IID 总分配样本数: 23854
  w_locals: 2456.80 MB
  gradient: 2456.80 MB
Round 72, Test Accuracy: 59.7400016784668, Loss: 1.110903651714325, Global training time: 0.03897931744678227

[INFO] Non-IID 总分配样本数: 25792
  w_locals: 2456.80 MB
  gradient: 2456.80 MB
Round 73, Test Accuracy: 59.84000015258789, Loss: 1.1034304454803467, Global training time: 0.03299337291784272

[INFO] Non-IID 总分配样本数: 34414
  w_locals: 2456.80 MB
  gradient: 2456.80 MB
Round 74, Test Accuracy: 59.959999084472656, Loss: 1.1015755346298217, Global training time: 0.04002698545837721

[INFO] Non-IID 总分配样本数: 32211
  w_locals: 2456.80 MB
  gradient: 2456.80 MB
Round 75, Test Accuracy: 60.18000030517578, Loss: 1.0979473383903504, Global training time: 0.05916711106752813

[INFO] Non-IID 总分配样本数: 28045
  w_locals: 2456.80 MB
  gradient: 2456.80 MB
Round 76, Test Accuracy: 59.72999954223633, Loss: 1.1174961074829102, Global training time: 0.059239778247590025

[INFO] Non-IID 总分配样本数: 23489
  w_locals: 2456.80 MB
  gradient: 2456.80 MB
Round 77, Test Accuracy: 60.97999954223633, Loss: 1.0829635025978088, Global training time: 0.04740830607647447

[INFO] Non-IID 总分配样本数: 24095
  w_locals: 2456.80 MB
  gradient: 2456.80 MB
Round 78, Test Accuracy: 61.47999954223633, Loss: 1.065481970500946, Global training time: 0.06140139181592491

[INFO] Non-IID 总分配样本数: 28583
  w_locals: 2456.80 MB
  gradient: 2456.80 MB
Round 79, Test Accuracy: 60.279998779296875, Loss: 1.1139548533439636, Global training time: 0.053785277910205695

[INFO] Non-IID 总分配样本数: 32327
WARNING:root:[WARNING] 可供补充的样本不足，仅剩 936，将启用重复采样
  w_locals: 2456.80 MB
  gradient: 2456.80 MB
Round 80, Test Accuracy: 62.0, Loss: 1.0604316374778748, Global training time: 0.07886364794958903

[WARNING] 请求样本数超过数据集，按比例缩放: 0.3878
[INFO] Non-IID 总分配样本数: 49976
  w_locals: 2456.80 MB
  gradient: 2456.80 MB
Round 81, Test Accuracy: 62.36000061035156, Loss: 1.0443760325431823, Global training time: 0.01164299489256317

[INFO] Non-IID 总分配样本数: 28560
  w_locals: 2456.80 MB
  gradient: 2456.80 MB
Round 82, Test Accuracy: 62.84000015258789, Loss: 1.0349794772148133, Global training time: 0.03677822843547347

[INFO] Non-IID 总分配样本数: 26164
  w_locals: 2456.80 MB
  gradient: 2456.80 MB
Round 83, Test Accuracy: 63.06999969482422, Loss: 1.033390084171295, Global training time: 0.035407111311350464

[INFO] Non-IID 总分配样本数: 41019
  w_locals: 2456.80 MB
  gradient: 2456.80 MB
Round 84, Test Accuracy: 62.709999084472656, Loss: 1.0495303771972657, Global training time: 0.06543168548480373

[INFO] Non-IID 总分配样本数: 28487
  w_locals: 2456.80 MB
  gradient: 2456.80 MB
Round 85, Test Accuracy: 62.90999984741211, Loss: 1.0471515233993531, Global training time: 0.021740738411534323

[INFO] Non-IID 总分配样本数: 30568
  w_locals: 2456.80 MB
  gradient: 2456.80 MB
Round 86, Test Accuracy: 63.58000183105469, Loss: 1.0246090628623963, Global training time: 0.033230244023111935

[INFO] Non-IID 总分配样本数: 35626
  w_locals: 2456.80 MB
  gradient: 2456.80 MB
Round 87, Test Accuracy: 63.90999984741211, Loss: 1.0086305696487428, Global training time: 0.06094586120575349

[INFO] Non-IID 总分配样本数: 32930
  w_locals: 2456.80 MB
  gradient: 2456.80 MB
Round 88, Test Accuracy: 63.25, Loss: 1.0190885258674622, Global training time: 0.0550622402642324

[INFO] Non-IID 总分配样本数: 30817
  w_locals: 2456.80 MB
  gradient: 2456.80 MB
Round 89, Test Accuracy: 63.75, Loss: 1.0107960989952087, Global training time: 0.02654882074356234

[INFO] Non-IID 总分配样本数: 30973
WARNING:root:[WARNING] 可供补充的样本不足，仅剩 98，将启用重复采样
  w_locals: 2456.80 MB
  gradient: 2456.80 MB
Round 90, Test Accuracy: 64.69000244140625, Loss: 0.9928772798538208, Global training time: 0.026343578112335946

[WARNING] 请求样本数超过数据集，按比例缩放: 0.4356
[INFO] Non-IID 总分配样本数: 50003
  w_locals: 2456.80 MB
  gradient: 2456.80 MB
Round 91, Test Accuracy: 65.31999969482422, Loss: 0.9788326199531555, Global training time: 0.011966414458880168

[INFO] Non-IID 总分配样本数: 24129
  w_locals: 2456.80 MB
  gradient: 2456.80 MB
Round 92, Test Accuracy: 64.87999725341797, Loss: 0.9797270512580871, Global training time: 0.049512270761270405

[INFO] Non-IID 总分配样本数: 34729
  w_locals: 2456.80 MB
  gradient: 2456.80 MB
Round 93, Test Accuracy: 64.31999969482422, Loss: 1.001082822418213, Global training time: 0.0978003085671435

[INFO] Non-IID 总分配样本数: 24699
  w_locals: 2456.80 MB
  gradient: 2456.80 MB
Round 94, Test Accuracy: 61.84000015258789, Loss: 1.0993608654022218, Global training time: 0.046099502146554554

[INFO] Non-IID 总分配样本数: 24944
  w_locals: 2456.80 MB
  gradient: 2456.80 MB
Round 95, Test Accuracy: 64.16000366210938, Loss: 1.0036212313652038, Global training time: 0.044889492669404736

[INFO] Non-IID 总分配样本数: 26264
  w_locals: 2456.80 MB
  gradient: 2456.80 MB
Round 96, Test Accuracy: 66.20999908447266, Loss: 0.9576490447044372, Global training time: 0.03337011497400633

[INFO] Non-IID 总分配样本数: 21223
  w_locals: 2456.80 MB
  gradient: 2456.80 MB
Round 97, Test Accuracy: 65.83999633789062, Loss: 0.9733732974052429, Global training time: 0.029660425170763376

[INFO] Non-IID 总分配样本数: 24281
  w_locals: 2456.80 MB
  gradient: 2456.80 MB
Round 98, Test Accuracy: 66.61000061035156, Loss: 0.9470619031906128, Global training time: 0.03347596996789965

[INFO] Non-IID 总分配样本数: 25698
  w_locals: 2456.80 MB
  gradient: 2456.80 MB
Round 99, Test Accuracy: 66.76000213623047, Loss: 0.9444042552947998, Global training time: 0.06931166154268395

[INFO] Non-IID 总分配样本数: 22552
  w_locals: 2456.80 MB
  gradient: 2456.80 MB
Round 100, Test Accuracy: 66.12000274658203, Loss: 0.9443416511535645, Global training time: 0.035342184792469

成功保存数据pkl文件
OnlineFL已训练完成，最终结果： {'ais': 2, 'test_accuracies': [tensor(66.1200)], 'global_round_accuracies': [[tensor(10.), tensor(10.), tensor(10.0600), tensor(10.), tensor(11.7300), tensor(10.5300), tensor(10.2000), tensor(16.2400), tensor(17.5300), tensor(18.7600), tensor(20.8600), tensor(26.4500), tensor(25.7400), tensor(25.2800), tensor(26.3300), tensor(28.3400), tensor(29.5600), tensor(31.5800), tensor(33.2900), tensor(32.8800), tensor(32.8600), tensor(36.2300), tensor(37.1100), tensor(36.3400), tensor(36.9800), tensor(38.5900), tensor(39.6300), tensor(40.0200), tensor(41.6100), tensor(41.7100), tensor(42.6900), tensor(42.6300), tensor(42.5600), tensor(44.2300), tensor(44.7900), tensor(45.6300), tensor(43.3200), tensor(47.0300), tensor(47.7200), tensor(47.4400), tensor(47.3500), tensor(48.8300), tensor(48.3000), tensor(48.9000), tensor(50.0500), tensor(51.1500), tensor(50.5100), tensor(51.9700), tensor(52.0100), tensor(52.4600), tensor(52.1400), tensor(53.5000), tensor(53.3900), tensor(54.5400), tensor(54.4400), tensor(55.3800), tensor(55.2200), tensor(55.0100), tensor(55.7500), tensor(56.4000), tensor(54.7900), tensor(56.9900), tensor(56.5300), tensor(57.7900), tensor(57.1100), tensor(58.0900), tensor(58.6500), tensor(58.7200), tensor(58.9400), tensor(58.1300), tensor(59.4100), tensor(59.7400), tensor(59.8400), tensor(59.9600), tensor(60.1800), tensor(59.7300), tensor(60.9800), tensor(61.4800), tensor(60.2800), tensor(62.), tensor(62.3600), tensor(62.8400), tensor(63.0700), tensor(62.7100), tensor(62.9100), tensor(63.5800), tensor(63.9100), tensor(63.2500), tensor(63.7500), tensor(64.6900), tensor(65.3200), tensor(64.8800), tensor(64.3200), tensor(61.8400), tensor(64.1600), tensor(66.2100), tensor(65.8400), tensor(66.6100), tensor(66.7600), tensor(66.1200)]], 'global_round_times': [[np.float64(0.012937440255807498), np.float64(0.03987722019382736), np.float64(0.06274477872360823), np.float64(0.04035573299353635), np.float64(0.06582537308413226), np.float64(0.07035887411355464), np.float64(0.06684788148283255), np.float64(0.06267551893382971), np.float64(0.03751571050539782), np.float64(0.04852159593857139), np.float64(0.009099982362532486), np.float64(0.07816828324361394), np.float64(0.06378831647511912), np.float64(0.08781572811065978), np.float64(0.056129465303083964), np.float64(0.10359960984029014), np.float64(0.06891030960996433), np.float64(0.03691289668347269), np.float64(0.10469634231668125), np.float64(0.05249836925795479), np.float64(0.01670694288761258), np.float64(0.03657581813504085), np.float64(0.04350166364616917), np.float64(0.04730598017078472), np.float64(0.0467515549342203), np.float64(0.03760026413808303), np.float64(0.06937774180658647), np.float64(0.06007327590461939), np.float64(0.07285461175200653), np.float64(0.05696534019554098), np.float64(0.010386731539892984), np.float64(0.04514806180390336), np.float64(0.050610351014098144), np.float64(0.058646588934321044), np.float64(0.07512253946919689), np.float64(0.04495114196606386), np.float64(0.030956617545661504), np.float64(0.04813317323331802), np.float64(0.06118940040411148), np.float64(0.03030452500922283), np.float64(0.016388498280971824), np.float64(0.031269058846610014), np.float64(0.013514805227987719), np.float64(0.03700698321943117), np.float64(0.03972413481911298), np.float64(0.08151701629775734), np.float64(0.03967604945598274), np.float64(0.01794502119596554), np.float64(0.06417200096600718), np.float64(0.029947345949972167), np.float64(0.02187964978293067), np.float64(0.04817125020322117), np.float64(0.08313914550050071), np.float64(0.038158488626447835), np.float64(0.0547065016592151), np.float64(0.07259185712542815), np.float64(0.06415081943628738), np.float64(0.05286934419105352), np.float64(0.08812708436769454), np.float64(0.03966868418783664), np.float64(0.014348010250389958), np.float64(0.02174883872636864), np.float64(0.029719873037688905), np.float64(0.045265159357687), np.float64(0.032983493473852085), np.float64(0.015065786151425025), np.float64(0.03909634317916397), np.float64(0.028535591612023462), np.float64(0.04230797791650801), np.float64(0.05831257159958362), np.float64(0.01672283111547756), np.float64(0.03897931744678227), np.float64(0.03299337291784272), np.float64(0.04002698545837721), np.float64(0.05916711106752813), np.float64(0.059239778247590025), np.float64(0.04740830607647447), np.float64(0.06140139181592491), np.float64(0.053785277910205695), np.float64(0.07886364794958903), np.float64(0.01164299489256317), np.float64(0.03677822843547347), np.float64(0.035407111311350464), np.float64(0.06543168548480373), np.float64(0.021740738411534323), np.float64(0.033230244023111935), np.float64(0.06094586120575349), np.float64(0.0550622402642324), np.float64(0.02654882074356234), np.float64(0.026343578112335946), np.float64(0.011966414458880168), np.float64(0.049512270761270405), np.float64(0.0978003085671435), np.float64(0.046099502146554554), np.float64(0.044889492669404736), np.float64(0.03337011497400633), np.float64(0.029660425170763376), np.float64(0.03347596996789965), np.float64(0.06931166154268395), np.float64(0.035342184792469)]]}
